============================================================
  Generated by:           Genus(TM) Synthesis Solution 21.14-s082_1
  Generated on:           Sep 29 2026  11:43:30 am
  Module:                 alu_4bit
  Operating conditions:   PVT_1P08V_125C (balanced_tree)
  Wireload mode:          enclosed
  Area mode:              timing library
============================================================

Timing
--------

Clock  Period 
--------------
clk   10000.0 


  Cost    Critical         Violating 
 Group   Path Slack  TNS     Paths   
-------------------------------------
clk          7031.3   0.0          0 
default    No paths   0.0            
-------------------------------------
Total                 0.0          0 

Instance Count
--------------
Leaf Instance Count             67 
Physical Instance count          0 
Sequential Instance Count       17 
Combinational Instance Count    50 
Hierarchical Instance Count      0 

Area
----
Cell Area                          220.248
Physical Cell Area                 0.000
Total Cell Area (Cell+Physical)    220.248
Net Area                           0.000
Total Area (Cell+Physical+Net)     220.248

Max Fanout                         17 (clk)
Min Fanout                         0 (rst_n)
Average Fanout                     2.1
Terms to net ratio                 3.1136
Terms to instance ratio            4.0896
Runtime                            6.945876 seconds
Elapsed Runtime                    88 seconds
Genus peak memory usage            1527.07 
Innovus peak memory usage          no_value 
Hostname                           eevlsidtlab026.ksrct.ac.in
