============================================================
  Generated by:           Genus(TM) Synthesis Solution 21.14-s082_1
  Generated on:           Sep 29 2026  11:43:30 am
  Module:                 alu_4bit
  Operating conditions:   PVT_1P08V_125C (balanced_tree)
  Wireload mode:          enclosed
  Area mode:              timing library
============================================================


Path 1: MET (7031 ps) Late External Delay Assertion at pin zero_flag
          Group: clk
     Startpoint: (R) zero_flag_reg/CK
          Clock: (R) clk
       Endpoint: (R) zero_flag
          Clock: (R) clk

                     Capture       Launch     
        Clock Edge:+   10000            0     
       Src Latency:+       0            0     
       Net Latency:+       0 (I)        0 (I) 
           Arrival:=   10000            0     
                                              
      Output Delay:-    2500                  
       Uncertainty:-     200                  
     Required Time:=    7300                  
      Launch Clock:-       0                  
         Data Path:-     269                  
             Slack:=    7031                  

Exceptions/Constraints:
  output_delay             2500            alu.sdc_line_33_25_1 

#-----------------------------------------------------------------------------------------
#  Timing Point    Flags   Arc   Edge   Cell     Fanout Load Trans Delay Arrival Instance 
#                                                       (fF)  (ps)  (ps)   (ps)  Location 
#-----------------------------------------------------------------------------------------
  zero_flag_reg/CK -       -     R     (arrival)     17    -   100     0       0    (-,-) 
  zero_flag_reg/Q  -       CK->Q R     DFFRHQX4       1 50.0   173   269     269    (-,-) 
  zero_flag        <<<     -     R     (port)         -    -     -     0     269    (-,-) 
#-----------------------------------------------------------------------------------------

