============================================================
  Generated by:           Genus(TM) Synthesis Solution 21.14-s082_1
  Generated on:           Sep 29 2026  11:43:30 am
  Module:                 alu_4bit
  Operating conditions:   PVT_1P08V_125C (balanced_tree)
  Wireload mode:          enclosed
  Area mode:              timing library
============================================================

                              
   Gate    Instances   Area       Library    
---------------------------------------------
ADDFX1             1    5.130    slow_vdd1v2 
AND2XL             1    1.368    slow_vdd1v2 
AOI221X1           1    2.394    slow_vdd1v2 
AOI22X1            7   14.364    slow_vdd1v2 
AOI32X1            2    4.788    slow_vdd1v2 
DFFRHQX1           4   24.624    slow_vdd1v2 
DFFRHQX4           6   57.456    slow_vdd1v2 
DFFRX1             7   47.880    slow_vdd1v2 
INVXL              4    2.736    slow_vdd1v2 
MX2XL              1    2.394    slow_vdd1v2 
MXI2XL             1    2.394    slow_vdd1v2 
NAND2BXL           1    1.368    slow_vdd1v2 
NAND2X1            4    4.104    slow_vdd1v2 
NAND2XL            2    2.052    slow_vdd1v2 
NAND3BXL           1    1.710    slow_vdd1v2 
NOR2X1             3    3.078    slow_vdd1v2 
NOR2XL             2    2.052    slow_vdd1v2 
NOR4BBX1           1    2.736    slow_vdd1v2 
OAI211X1           4    6.840    slow_vdd1v2 
OAI221X1           1    2.394    slow_vdd1v2 
OAI22X1            3    6.156    slow_vdd1v2 
OAI2BB1X1          2    3.420    slow_vdd1v2 
OAI31X1            2    4.104    slow_vdd1v2 
XNOR2X1            5   11.970    slow_vdd1v2 
XOR2XL             1    2.736    slow_vdd1v2 
---------------------------------------------
total             67  220.248                


                                        
     Type      Instances   Area  Area % 
----------------------------------------
sequential            17 129.960   59.0 
inverter               4   2.736    1.2 
logic                 46  87.552   39.8 
physical_cells         0   0.000    0.0 
----------------------------------------
total                 67 220.248  100.0 

